Program parsed correctly!
---------------------------
--------Printing AST-------
---------------------------
Program
    Function List
    Statement List
        Declaration statement: data
            Type: text
            File Read into variable: data
                List Access
                    Identifier: args
                    Number: 0.0
        Declaration statement: lines
            Type: list
                Type: text
            Assignment statement: lines
                Binary operator '/'
                    Identifier: data
                    Quoted string: "\n"
        Print Statement
            Function call: length
                Expression List
                    Identifier: lines
