Program parsed correctly!
---------------------------
--------Printing AST-------
---------------------------
Program
    Function List
    Statement List
        Declaration statement: two
            Type: num
        Assignment statement: two
            Number: 2.0
